001|chore: initialize python project structure with src layout|OK
002|chore: add .gitignore for python, node, os files|OK
003|chore: create LICENSE (MIT)|OK
004|docs: add initial README with project overview|OK
005|chore: create pyproject.toml with basic metadata|OK
006|chore: add setup.py for backward compatibility|OK
007|chore: create requirements.txt for core dependencies|OK
008|chore: add .env.example with configuration templates|OK
009|chore: configure mkdocs.yml for documentation site|OK
010|chore: add CITATION.cff for academic referencing|OK
011|chore: create src/quantum/ package directory|OK
012|chore: create src/quantum/circuits/ subpackage|OK
013|chore: create src/quantum/algorithms/ subpackage|OK
014|chore: create src/quantum/qiskit/ subpackage|OK
015|chore: create src/quantum/cuda_q/ subpackage|OK
016|chore: create src/quantum/utils/ subpackage|OK
017|chore: create src/quantum/cli/ subpackage|OK
018|chore: create src/security/ package directory|OK
019|chore: create src/security/pqc/ subpackage|OK
020|chore: create src/security/keys/ subpackage|OK
021|chore: create src/security/cli/ subpackage|OK
022|chore: create tests/unit/ test directory|OK
023|chore: create tests/integration/ test directory|OK
024|chore: create tests/robotframework/ test directory|OK
025|chore: create docs/ documentation directory structure|OK
026|feat: add src/__init__.py with package exports|OK
027|feat: add src/quantum/__init__.py with lazy imports|OK
028|feat: add src/quantum/circuits/__init__.py|OK
029|feat: add src/quantum/algorithms/__init__.py|OK
030|feat: add src/quantum/qiskit/__init__.py with try/except|OK
031|feat: add src/quantum/cuda_q/__init__.py with try/except|OK
032|feat: add src/quantum/utils/__init__.py|OK
033|feat: add src/security/__init__.py|OK
034|feat: add src/security/pqc/__init__.py|OK
035|feat: add src/security/keys/__init__.py|OK
036|feat: add src/security/cli/__init__.py|OK
037|feat: add tests/__init__.py|OK
038|feat: add tests/unit/__init__.py|OK
039|feat: add tests/integration/__init__.py|OK
040|feat: add conftest.py with shared pytest fixtures|OK
041|chore: configure .gitattributes for line endings|OK
042|chore: add .pre-commit-config.yaml with hooks|OK
043|chore: add pre-commit hook for trailing whitespace|OK
044|chore: add pre-commit hook for end-of-file fixer|OK
045|chore: add pre-commit hook for yaml validation|OK
046|chore: add pre-commit hook for json validation|OK
047|chore: add pre-commit hook for toml validation|OK
048|chore: add pre-commit hook for merge conflict check|OK
049|chore: add pre-commit hook for private key detection|OK
050|chore: add pre-commit hook for python formatting (black)|OK
051|docs: add SECURITY.md with vulnerability reporting|OK
052|docs: create docs/index.md as documentation homepage|OK
053|docs: create getting-started.md quickstart guide|OK
054|docs: create contributing.md developer guide|OK
055|docs: add API documentation structure|OK
056|docs: add quantum computing overview page|OK
057|docs: add PQC overview page|OK
058|docs: add security overview page|OK
059|docs: add CI/CD workflows documentation|OK
060|docs: add testing documentation|OK
061|docs: add OWASP top 10 security reference|OK
062|docs: create quantum/risk-scoring.md|OK
063|docs: create quantum/algorithms.md|OK
064|docs: create quantum/circuits.md|OK
065|docs: create PQC kem and signatures reference|OK
066|chore: add issue template for bugs|OK
067|chore: add issue template for features|OK
068|chore: add PR template|OK
069|chore: add FUNDING.yml|OK
070|chore: add CODE_OF_CONDUCT.md|OK
071|chore: add SUPPORT.md|OK
072|chore: add ROADMAP.md|OK
073|chore: add CHANGELOG.md initial entry|OK
074|chore: configure GitHub Discussions|OK
075|chore: add CONTRIBUTORS.md|OK
076|ci: create basic ci.yml workflow|OK
077|ci: add python 3.10 test matrix|OK
078|ci: add python 3.11 test matrix|OK
079|ci: add python 3.12 test matrix|OK
080|ci: configure dependency caching|OK
081|ci: add pytest execution step|OK
082|ci: add coverage report generation|OK
083|ci: upload coverage to codecov|OK
084|ci: add linting with flake8|OK
085|ci: add formatting check with black|OK
086|ci: add import sorting check with isort|OK
087|ci: run robot framework tests in CI|OK
088|ci: add OWASP security test execution|OK
089|ci: add dependency security scanning|OK
090|ci: add artifact archiving|OK
091|chore: add flake8 configuration|OK
092|chore: add mypy type checking config|OK
093|chore: add isort configuration|OK
094|chore: add black formatting config|OK
095|chore: add bandit security scanner config|OK
096|chore: create .editorconfig|OK
097|chore: add safety dependency checker config|OK
098|chore: configure ruff linter rules|OK
099|chore: add vscode workspace settings|OK
100|chore: add vscode extension recommendations|OK
